
> matrix((rnorm(35,1,2)),5,7)
           [,1]     [,2]      [,3]      [,4]       [,5]       [,6]      [,7]
[1,]  4.3535614 2.633628 -2.022312 6.9685154  0.9714301 -1.6568209 1.7183218
[2,]  1.1009016 2.533877 -2.740764 0.6768319  1.0097022 -2.2034599 3.9080826
[3,]  2.6930542 2.198060  1.779469 4.0294537  2.8369948 -2.2584600 0.6491742
[4,] -0.2524436 3.125787 -1.942401 1.8956840 -1.0784611 -2.0214977 0.1542469
[5,]  3.2496900 2.994778 -1.632330 3.5510558  0.5309700 -0.2788674 1.9384400


> C = cbind(1:3, 4:6, 7:9)
> D = rbind(1:3, 4:6)
> rbind(C,D)
     [,1] [,2] [,3]
[1,]    1    4    7
[2,]    2    5    8
[3,]    3    6    9
[4,]    1    2    3
[5,]    4    5    6
> cbind(C,C)
     [,1] [,2] [,3] [,4] [,5] [,6]
[1,]    1    4    7    1    4    7
[2,]    2    5    8    2    5    8
[3,]    3    6    9    3    6    9
> cbind(C,D)
Error in cbind(C, D) : number of rows of matrices must match (see arg 2)

This argument doesn't work b/c C has 3 rows, but D only has 2 rows. They cannot be combined by column b/c they don't have the same number of rows.

> x=seq(1,27)
> x
 [1]  1  2  3  4  5  6  7  8  9 10 11 12 13 14 15 16 17 18 19 20 21 22 23 24 25
[26] 26 27
> dim(x) = c(3,9)
> x
     [,1] [,2] [,3] [,4] [,5] [,6] [,7] [,8] [,9]
[1,]    1    4    7   10   13   16   19   22   25
[2,]    2    5    8   11   14   17   20   23   26
[3,]    3    6    9   12   15   18   21   24   27
> is.array(x)
[1] TRUE
> is.matrix(x)

We have added dimensions to a vector, so it is now an array. Since it only has 2 dimensions, it is also an matrix.
[1] TRUE
> 
