
R version 3.4.0 (2017-04-21) -- "You Stupid Darkness"
Copyright (C) 2017 The R Foundation for Statistical Computing
Platform: x86_64-w64-mingw32/x64 (64-bit)

R is free software and comes with ABSOLUTELY NO WARRANTY.
You are welcome to redistribute it under certain conditions.
Type 'license()' or 'licence()' for distribution details.

  Natural language support but running in an English locale

R is a collaborative project with many contributors.
Type 'contributors()' for more information and
'citation()' on how to cite R or R packages in publications.

Type 'demo()' for some demos, 'help()' for on-line help, or
'help.start()' for an HTML browser interface to help.
Type 'q()' to quit R.

> matrix((rnorm(35,1,2)),5,7)
           [,1]     [,2]      [,3]      [,4]       [,5]       [,6]      [,7]
[1,]  4.3535614 2.633628 -2.022312 6.9685154  0.9714301 -1.6568209 1.7183218
[2,]  1.1009016 2.533877 -2.740764 0.6768319  1.0097022 -2.2034599 3.9080826
[3,]  2.6930542 2.198060  1.779469 4.0294537  2.8369948 -2.2584600 0.6491742
[4,] -0.2524436 3.125787 -1.942401 1.8956840 -1.0784611 -2.0214977 0.1542469
[5,]  3.2496900 2.994778 -1.632330 3.5510558  0.5309700 -0.2788674 1.9384400
> C = cbind(1:3, 4:6, 7:9)
> D = rbind(1:3, 4:6)
> rbind(C,D)
     [,1] [,2] [,3]
[1,]    1    4    7
[2,]    2    5    8
[3,]    3    6    9
[4,]    1    2    3
[5,]    4    5    6
> cbind(C,C)
     [,1] [,2] [,3] [,4] [,5] [,6]
[1,]    1    4    7    1    4    7
[2,]    2    5    8    2    5    8
[3,]    3    6    9    3    6    9
> cbind(C,D)
Error in cbind(C, D) : number of rows of matrices must match (see arg 2)
> A[2,2:3)
Error: unexpected ')' in "A[2,2:3)"
> A[2,2:3}
Error: unexpected '}' in "A[2,2:3}"
> A[2,2:3]
Error: object 'A' not found
> A = matrix(1:12,3,4)
> A
     [,1] [,2] [,3] [,4]
[1,]    1    4    7   10
[2,]    2    5    8   11
[3,]    3    6    9   12
> A = matrix(1:12,3,4, byrow=TRUE)
> A
     [,1] [,2] [,3] [,4]
[1,]    1    2    3    4
[2,]    5    6    7    8
[3,]    9   10   11   12
> A[,]
     [,1] [,2] [,3] [,4]
[1,]    1    2    3    4
[2,]    5    6    7    8
[3,]    9   10   11   12
> which(A>=4,arr.ind=TRUE)
      row col
 [1,]   2   1
 [2,]   3   1
 [3,]   2   2
 [4,]   3   2
 [5,]   2   3
 [6,]   3   3
 [7,]   1   4
 [8,]   2   4
 [9,]   3   4
> X = array(1:24, dim=c(3,4,2))
> X
, , 1

     [,1] [,2] [,3] [,4]
[1,]    1    4    7   10
[2,]    2    5    8   11
[3,]    3    6    9   12

, , 2

     [,1] [,2] [,3] [,4]
[1,]   13   16   19   22
[2,]   14   17   20   23
[3,]   15   18   21   24

> x=seq(1,27)
> x
 [1]  1  2  3  4  5  6  7  8  9 10 11 12 13 14 15 16 17 18 19 20 21 22 23 24 25
[26] 26 27
> dim(x) = c(3,9)
> x
     [,1] [,2] [,3] [,4] [,5] [,6] [,7] [,8] [,9]
[1,]    1    4    7   10   13   16   19   22   25
[2,]    2    5    8   11   14   17   20   23   26
[3,]    3    6    9   12   15   18   21   24   27
> is.array(x)
[1] TRUE
> is.matrix(x)
[1] TRUE
> 
